---
source: src/dotenv/mod.rs
expression: output
---

declare namespace NodeJS {
    interface ProcessEnv {
        
         KEY?: string

         KEY_Value?: string

         NAME?: string

         NAME2?: string

         NAME5?: string

         keys?: string

         keys2?: string

         keys2Da?: string
    }
}
               
