---
source: src/dotenv/typehint_parser.rs
expression: "Lexer::new(\"# @type number\").collect::<Vec<_>>()"
---
[
    Token {
        kind: Pound,
        text: "#",
    },
    Token {
        kind: Keyword,
        text: "@type",
    },
    Token {
        kind: NumberType,
        text: "number",
    },
]
