---
source: src/env/zod.rs
expression: output
---

import z from "zod";

const envSchema = z.object({
    NAME: z.string(),
    NAME2: z.enum(['a','b']),
    KEY: z.string(),
    keys: z.string(),
    keys2: z.string(),
    NAME5: z.string(),
    KEY_Value: z.number(),
    keys2Da: z.enum(['city','townhall']),
})

export env = envSchema.parse({
   NAME: process.env.NAME,
   NAME2: process.env.NAME2,
   KEY: process.env.KEY,
   keys: process.env.keys,
   keys2: process.env.keys2,
   NAME5: process.env.NAME5,
   KEY_Value: process.env.KEY_Value,
   keys2Da: process.env.keys2Da,
})
               
